./sources/128535614.Dockerfile
./sources/128535615.Dockerfile
./sources/128535616.Dockerfile
./sources/128535617.Dockerfile
./sources/128535618.Dockerfile
./sources/128535619.Dockerfile
./sources/128535627.Dockerfile
./sources/128535629.Dockerfile
./sources/128535630.Dockerfile
./sources/128535633.Dockerfile
./sources/128535634.Dockerfile
./sources/128535638.Dockerfile
./sources/128535642.Dockerfile
./sources/128535646.Dockerfile
./sources/128535647.Dockerfile
./sources/128535648.Dockerfile
./sources/128535649.Dockerfile
./sources/128535650.Dockerfile
./sources/128535651.Dockerfile
./sources/128535652.Dockerfile
./sources/128535653.Dockerfile
./sources/128535658.Dockerfile
./sources/128535665.Dockerfile
./sources/128535668.Dockerfile
./sources/128535673.Dockerfile
./sources/128535678.Dockerfile
./sources/128535684.Dockerfile
./sources/128535685.Dockerfile
./sources/128535698.Dockerfile
./sources/128535719.Dockerfile
./sources/134336147.Dockerfile
./sources/134558520.Dockerfile
./sources/135862573.Dockerfile
./sources/140141254.Dockerfile
./sources/140141258.Dockerfile
./sources/140141261.Dockerfile
./sources/140141262.Dockerfile
./sources/140141263.Dockerfile
./sources/140141264.Dockerfile
./sources/140141265.Dockerfile
./sources/140141266.Dockerfile
./sources/140141267.Dockerfile
./sources/140141275.Dockerfile
./sources/140141277.Dockerfile
./sources/140141278.Dockerfile
./sources/140141281.Dockerfile
./sources/140141282.Dockerfile
./sources/140141286.Dockerfile
./sources/140141290.Dockerfile
./sources/140141294.Dockerfile
./sources/140141295.Dockerfile
./sources/140141296.Dockerfile
./sources/140141297.Dockerfile
./sources/140141298.Dockerfile
./sources/140141299.Dockerfile
./sources/140141300.Dockerfile
./sources/140141301.Dockerfile
./sources/140141306.Dockerfile
./sources/140141313.Dockerfile
./sources/140141316.Dockerfile
./sources/140141321.Dockerfile
./sources/140141326.Dockerfile
./sources/140141333.Dockerfile
./sources/140141334.Dockerfile
./sources/140141346.Dockerfile
./sources/140141347.Dockerfile
./sources/140141370.Dockerfile
./sources/142544668.Dockerfile
./sources/146226712.Dockerfile
./sources/148070208.Dockerfile
./sources/150409029.Dockerfile
./sources/152406244.Dockerfile
./sources/155895544.Dockerfile
./sources/155895545.Dockerfile
./sources/155895546.Dockerfile
./sources/155895547.Dockerfile
./sources/155895549.Dockerfile
./sources/155895550.Dockerfile
./sources/155895552.Dockerfile
./sources/155895553.Dockerfile
./sources/155895554.Dockerfile
./sources/155895555.Dockerfile
./sources/155895556.Dockerfile
./sources/155895557.Dockerfile
./sources/155895558.Dockerfile
./sources/155895559.Dockerfile
./sources/155895560.Dockerfile
./sources/155895561.Dockerfile
./sources/155895562.Dockerfile
./sources/157481104.Dockerfile
./sources/157727952.Dockerfile
./sources/157799773.Dockerfile
./sources/164000669.Dockerfile
./sources/164899378.Dockerfile
./sources/164942866.Dockerfile
./sources/166825071.Dockerfile
./sources/167246592.Dockerfile
./sources/167471909.Dockerfile
./sources/169900315.Dockerfile
./sources/169900316.Dockerfile
./sources/169900317.Dockerfile
./sources/169900318.Dockerfile
./sources/169900319.Dockerfile
./sources/169900320.Dockerfile
./sources/169900321.Dockerfile
./sources/169900322.Dockerfile
./sources/169900323.Dockerfile
./sources/169900324.Dockerfile
./sources/169900325.Dockerfile
./sources/169900326.Dockerfile
./sources/169900327.Dockerfile
./sources/169900328.Dockerfile
./sources/169900329.Dockerfile
./sources/169900330.Dockerfile
./sources/169900331.Dockerfile
./sources/169900332.Dockerfile
./sources/169900333.Dockerfile
./sources/169900334.Dockerfile
./sources/169900335.Dockerfile
./sources/170549333.Dockerfile
./sources/172429101.Dockerfile
./sources/172429105.Dockerfile
./sources/172429108.Dockerfile
./sources/172429109.Dockerfile
./sources/172429110.Dockerfile
./sources/172429111.Dockerfile
./sources/172429112.Dockerfile
./sources/172429113.Dockerfile
./sources/172429114.Dockerfile
./sources/172429122.Dockerfile
./sources/172429124.Dockerfile
./sources/172429125.Dockerfile
./sources/172429128.Dockerfile
./sources/172429129.Dockerfile
./sources/172429133.Dockerfile
./sources/172429137.Dockerfile
./sources/172429141.Dockerfile
./sources/172429142.Dockerfile
./sources/172429143.Dockerfile
./sources/172429144.Dockerfile
./sources/172429145.Dockerfile
./sources/172429146.Dockerfile
./sources/172429147.Dockerfile
./sources/172429148.Dockerfile
./sources/172429153.Dockerfile
./sources/172429160.Dockerfile
./sources/172429163.Dockerfile
./sources/172429168.Dockerfile
./sources/172429173.Dockerfile
./sources/172429180.Dockerfile
./sources/172429181.Dockerfile
./sources/172429193.Dockerfile
./sources/172429194.Dockerfile
./sources/172429217.Dockerfile
./sources/173609716.Dockerfile
./sources/174183500.Dockerfile
./sources/174200106.Dockerfile
./sources/174557784.Dockerfile
./sources/175254619.Dockerfile
./sources/178586939.Dockerfile
./sources/181223882.Dockerfile
./sources/183311629.Dockerfile
./sources/184055853.Dockerfile
./sources/184055856.Dockerfile
./sources/184682551.Dockerfile
./sources/184682557.Dockerfile
./sources/184682559.Dockerfile
./sources/187619967.Dockerfile
./sources/188110860.Dockerfile
./sources/189697480.Dockerfile
./sources/191000607.Dockerfile
./sources/191684677.Dockerfile
./sources/191813057.Dockerfile
./sources/194380409.Dockerfile
./sources/194551040.Dockerfile
./sources/194993545.Dockerfile
./sources/195984271.Dockerfile
./sources/197968708.Dockerfile
./sources/198230739.Dockerfile
./sources/199954068.Dockerfile
./sources/201096925.Dockerfile
./sources/202150626.Dockerfile
./sources/202378492.Dockerfile
./sources/203644828.Dockerfile
./sources/207654631.Dockerfile
./sources/207654632.Dockerfile
./sources/207654634.Dockerfile
./sources/207654636.Dockerfile
./sources/207654637.Dockerfile
./sources/207654638.Dockerfile
./sources/207654639.Dockerfile
./sources/207654640.Dockerfile
./sources/207986728.Dockerfile
./sources/209205146.Dockerfile
./sources/209205158.Dockerfile
./sources/209818007.Dockerfile
./sources/212814413.Dockerfile
./sources/212814414.Dockerfile
./sources/212814417.Dockerfile
./sources/212923503.Dockerfile
./sources/218122956.Dockerfile
./sources/218746716.Dockerfile
./sources/219498385.Dockerfile
./sources/219586437.Dockerfile
./sources/219586441.Dockerfile
./sources/219586550.Dockerfile
./sources/221607519.Dockerfile
./sources/221607520.Dockerfile
./sources/221607521.Dockerfile
./sources/223157081.Dockerfile
./sources/224836225.Dockerfile
./sources/224836227.Dockerfile
./sources/225327663.Dockerfile
./sources/225861592.Dockerfile
./sources/225861593.Dockerfile
./sources/225861596.Dockerfile
./sources/226119246.Dockerfile
./sources/227186278.Dockerfile
./sources/227869627.Dockerfile
./sources/229147835.Dockerfile
./sources/229147836.Dockerfile
./sources/229147837.Dockerfile
./sources/229147838.Dockerfile
./sources/229167195.Dockerfile
./sources/229840203.Dockerfile
./sources/229840223.Dockerfile
./sources/232201790.Dockerfile
./sources/232201792.Dockerfile
./sources/234276543.Dockerfile
./sources/237177858.Dockerfile
./sources/237741317.Dockerfile
./sources/241644712.Dockerfile
./sources/242704403.Dockerfile
./sources/242704437.Dockerfile
./sources/242704491.Dockerfile
./sources/247902207.Dockerfile
./sources/248097661.Dockerfile
./sources/248302397.Dockerfile
./sources/248302398.Dockerfile
./sources/248861433.Dockerfile
./sources/249315265.Dockerfile
./sources/249922893.Dockerfile
./sources/249922894.Dockerfile
./sources/249957239.Dockerfile
./sources/251727872.Dockerfile
./sources/252769747.Dockerfile
./sources/252773736.Dockerfile
./sources/252773737.Dockerfile
./sources/252773759.Dockerfile
./sources/252774911.Dockerfile
./sources/252775360.Dockerfile
./sources/252776367.Dockerfile
./sources/252777373.Dockerfile
./sources/252781431.Dockerfile
./sources/252782233.Dockerfile
./sources/252784999.Dockerfile
./sources/252785668.Dockerfile
./sources/252787019.Dockerfile
./sources/253623614.Dockerfile
./sources/255735600.Dockerfile
./sources/256200480.Dockerfile
./sources/256200481.Dockerfile
./sources/256931769.Dockerfile
./sources/257254848.Dockerfile
./sources/258465881.Dockerfile
./sources/258698707.Dockerfile
./sources/259905344.Dockerfile
./sources/260130616.Dockerfile
./sources/260947014.Dockerfile
./sources/262565861.Dockerfile
./sources/262616710.Dockerfile
./sources/263759163.Dockerfile
./sources/266536260.Dockerfile
./sources/271841186.Dockerfile
./sources/272015226.Dockerfile
./sources/272952899.Dockerfile
./sources/282246726.Dockerfile
./sources/282246727.Dockerfile
./sources/282246896.Dockerfile
./sources/282246901.Dockerfile
./sources/282249974.Dockerfile
./sources/282276138.Dockerfile
./sources/282282180.Dockerfile
./sources/282282181.Dockerfile
./sources/282282183.Dockerfile
./sources/282282186.Dockerfile
./sources/282282189.Dockerfile
./sources/282282190.Dockerfile
./sources/282282338.Dockerfile
./sources/282786208.Dockerfile
./sources/282868073.Dockerfile
./sources/282868077.Dockerfile
./sources/282868080.Dockerfile
./sources/282868081.Dockerfile
./sources/282868082.Dockerfile
./sources/282868083.Dockerfile
./sources/282868084.Dockerfile
./sources/282868085.Dockerfile
./sources/282868086.Dockerfile
./sources/282868094.Dockerfile
./sources/282868096.Dockerfile
./sources/282868097.Dockerfile
./sources/282868100.Dockerfile
./sources/282868101.Dockerfile
./sources/282868105.Dockerfile
./sources/282868109.Dockerfile
./sources/282868113.Dockerfile
./sources/282868114.Dockerfile
./sources/282868115.Dockerfile
./sources/282868116.Dockerfile
./sources/282868117.Dockerfile
./sources/282868118.Dockerfile
./sources/282868119.Dockerfile
./sources/282868120.Dockerfile
./sources/282868125.Dockerfile
./sources/282868132.Dockerfile
./sources/282868135.Dockerfile
./sources/282868140.Dockerfile
./sources/282868145.Dockerfile
./sources/282868152.Dockerfile
./sources/282868153.Dockerfile
./sources/282868165.Dockerfile
./sources/282868166.Dockerfile
./sources/282868189.Dockerfile
./sources/285117534.Dockerfile
./sources/285117537.Dockerfile
./sources/285117538.Dockerfile
./sources/285117544.Dockerfile
./sources/285117550.Dockerfile
./sources/285117551.Dockerfile
./sources/285117552.Dockerfile
./sources/285117553.Dockerfile
./sources/285117559.Dockerfile
./sources/285117561.Dockerfile
./sources/285117562.Dockerfile
./sources/285117565.Dockerfile
./sources/285117566.Dockerfile
./sources/285117569.Dockerfile
./sources/285117572.Dockerfile
./sources/285117578.Dockerfile
./sources/285117580.Dockerfile
./sources/285117590.Dockerfile
./sources/285117591.Dockerfile
./sources/285117592.Dockerfile
./sources/285117593.Dockerfile
./sources/285117594.Dockerfile
./sources/285117598.Dockerfile
./sources/285117604.Dockerfile
./sources/285117607.Dockerfile
./sources/285117611.Dockerfile
./sources/285117613.Dockerfile
./sources/285117625.Dockerfile
./sources/285544794.Dockerfile
./sources/288804940.Dockerfile
./sources/288804941.Dockerfile
./sources/294357242.Dockerfile
./sources/295168279.Dockerfile
./sources/297341534.Dockerfile
./sources/299008393.Dockerfile
./sources/299773398.Dockerfile
./sources/301945726.Dockerfile
./sources/302799366.Dockerfile
./sources/302799368.Dockerfile
./sources/302799370.Dockerfile
./sources/302799372.Dockerfile
./sources/302799378.Dockerfile
./sources/302799379.Dockerfile
./sources/302799380.Dockerfile
./sources/302799384.Dockerfile
./sources/302799385.Dockerfile
./sources/302799386.Dockerfile
./sources/302799389.Dockerfile
./sources/302799394.Dockerfile
./sources/302799397.Dockerfile
./sources/302902908.Dockerfile
./sources/302902915.Dockerfile
./sources/302902922.Dockerfile
./sources/303437440.Dockerfile
./sources/305463014.Dockerfile
./sources/306525202.Dockerfile
./sources/307538374.Dockerfile
./sources/308044150.Dockerfile
./sources/310626875.Dockerfile
./sources/310626876.Dockerfile
./sources/310626879.Dockerfile
./sources/310861549.Dockerfile
./sources/310861552.Dockerfile
./sources/311848040.Dockerfile
./sources/311966904.Dockerfile
./sources/317646528.Dockerfile
./sources/318390943.Dockerfile
./sources/318390946.Dockerfile
./sources/318390949.Dockerfile
./sources/319088958.Dockerfile
./sources/320097211.Dockerfile
./sources/320097213.Dockerfile
./sources/320097219.Dockerfile
./sources/320100934.Dockerfile
./sources/320100950.Dockerfile
./sources/320100966.Dockerfile
./sources/320537239.Dockerfile
./sources/321461292.Dockerfile
./sources/323890436.Dockerfile
./sources/324839563.Dockerfile
./sources/330803705.Dockerfile
./sources/330803712.Dockerfile
./sources/332063161.Dockerfile
./sources/332516105.Dockerfile
./sources/334938816.Dockerfile
./sources/334938828.Dockerfile
./sources/339301097.Dockerfile
./sources/339937209.Dockerfile
./sources/343301947.Dockerfile
./sources/343301948.Dockerfile
./sources/343301949.Dockerfile
./sources/343309008.Dockerfile
./sources/343309009.Dockerfile
./sources/345737825.Dockerfile
./sources/345896880.Dockerfile
./sources/346623036.Dockerfile
./sources/346805945.Dockerfile
./sources/347362954.Dockerfile
./sources/348580446.Dockerfile
./sources/348902106.Dockerfile
./sources/351396254.Dockerfile
./sources/351396260.Dockerfile
./sources/351810819.Dockerfile
./sources/353281468.Dockerfile
./sources/354166056.Dockerfile
./sources/354343256.Dockerfile
./sources/354604625.Dockerfile
./sources/354604641.Dockerfile
./sources/354604657.Dockerfile
./sources/354874649.Dockerfile
./sources/356952324.Dockerfile
./sources/357359482.Dockerfile
./sources/357359484.Dockerfile
./sources/357359487.Dockerfile
./sources/357359497.Dockerfile
./sources/357359504.Dockerfile
./sources/357359511.Dockerfile
./sources/357359513.Dockerfile
./sources/357359517.Dockerfile
./sources/357472860.Dockerfile
./sources/358598487.Dockerfile
./sources/360538798.Dockerfile
./sources/361379794.Dockerfile
./sources/362100800.Dockerfile
./sources/362684428.Dockerfile
./sources/363012471.Dockerfile
./sources/363012474.Dockerfile
./sources/363195429.Dockerfile
./sources/363544512.Dockerfile
./sources/364205963.Dockerfile
./sources/368694736.Dockerfile
./sources/371347694.Dockerfile
./sources/374419620.Dockerfile
./sources/376917517.Dockerfile
./sources/383194502.Dockerfile
./sources/383194511.Dockerfile
./sources/383194516.Dockerfile
./sources/384742523.Dockerfile
./sources/384742529.Dockerfile
./sources/384742530.Dockerfile
./sources/384742544.Dockerfile
./sources/384742546.Dockerfile
./sources/384742547.Dockerfile
./sources/384742549.Dockerfile
./sources/384742557.Dockerfile
./sources/384742561.Dockerfile
./sources/384742562.Dockerfile
./sources/384742567.Dockerfile
./sources/384742569.Dockerfile
./sources/384742572.Dockerfile
./sources/384742579.Dockerfile
./sources/384742585.Dockerfile
./sources/384742596.Dockerfile
./sources/384742599.Dockerfile
./sources/384742616.Dockerfile
./sources/384742618.Dockerfile
./sources/384742620.Dockerfile
./sources/384742622.Dockerfile
./sources/384742623.Dockerfile
./sources/384742631.Dockerfile
./sources/384742643.Dockerfile
./sources/384742648.Dockerfile
./sources/384742656.Dockerfile
./sources/384742659.Dockerfile
./sources/384742680.Dockerfile
./sources/389292186.Dockerfile
./sources/393905354.Dockerfile
./sources/395231426.Dockerfile
./sources/400211296.Dockerfile
./sources/405398792.Dockerfile
./sources/406429644.Dockerfile
./sources/408743371.Dockerfile
./sources/411862354.Dockerfile
./sources/411862358.Dockerfile
./sources/418770599.Dockerfile
./sources/423328517.Dockerfile
./sources/423628293.Dockerfile
./sources/427765487.Dockerfile
./sources/429796203.Dockerfile
./sources/435556583.Dockerfile
./sources/435556586.Dockerfile
./sources/435556591.Dockerfile
./sources/435556596.Dockerfile
./sources/436171814.Dockerfile
./sources/437822224.Dockerfile
./sources/438887079.Dockerfile
./sources/438887080.Dockerfile
./sources/439883310.Dockerfile
./sources/445109268.Dockerfile
./sources/445109270.Dockerfile
./sources/445126129.Dockerfile
./sources/445723609.Dockerfile
./sources/457388513.Dockerfile
./sources/462009975.Dockerfile
./sources/468362269.Dockerfile
./sources/470015854.Dockerfile
./sources/470168017.Dockerfile
./sources/470219755.Dockerfile
./sources/470404145.Dockerfile
./sources/471979798.Dockerfile
./sources/472493558.Dockerfile
./sources/472493560.Dockerfile
./sources/472493561.Dockerfile
./sources/472493565.Dockerfile
./sources/472493566.Dockerfile
./sources/473732955.Dockerfile
./sources/473868061.Dockerfile
./sources/476842933.Dockerfile
./sources/477001205.Dockerfile
./sources/477001207.Dockerfile
./sources/480315899.Dockerfile
./sources/480823856.Dockerfile
